
> pruebas-icfes@0.0.0 build
> vite build

vite v7.2.7 building client environment for production...
transforming...
✓ 292 modules transformed.
[plugin vite:reporter] 
(!) /home/fravelz/Documentos/WEB-ICFES-Master/src/shared/utils/userProfile.js is dynamically imported by /home/fravelz/Documentos/WEB-ICFES-Master/src/features/user/hooks/useUser.js but also statically imported by /home/fravelz/Documentos/WEB-ICFES-Master/src/features/user/hooks/useProfileData.js, /home/fravelz/Documentos/WEB-ICFES-Master/src/features/user/hooks/useUser.js, /home/fravelz/Documentos/WEB-ICFES-Master/src/features/user/pages/UserSettingsPage.jsx, /home/fravelz/Documentos/WEB-ICFES-Master/src/shared/utils/badgesStore.js, dynamic import will not move module into another chunk.

rendering chunks...
computing gzip size...
dist/index.html                     1.70 kB │ gzip:   0.84 kB
dist/assets/index-CrJEHNyr.css    418.66 kB │ gzip:  40.15 kB
dist/assets/index-DHMWGKMv.js   1,165.56 kB │ gzip: 317.01 kB

(!) Some chunks are larger than 500 kB after minification. Consider:
- Using dynamic import() to code-split the application
- Use build.rollupOptions.output.manualChunks to improve chunking: https://rollupjs.org/configuration-options/#output-manualchunks
- Adjust chunk size limit for this warning via build.chunkSizeWarningLimit.
✓ built in 2.23s
